// Jest Snapshot v1, https://goo.gl/fbAQLP

exports[`CloudWatchStack Snapshot Test 1`] = `
{
  "Parameters": {
    "BootstrapVersion": {
      "Default": "/cdk-bootstrap/hnb659fds/version",
      "Description": "Version of the CDK Bootstrap resources in this environment, automatically retrieved from SSM Parameter Store. [cdk:skip]",
      "Type": "AWS::SSM::Parameter::Value<String>",
    },
  },
  "Resources": {
    "APIDashboard8F09A84C": {
      "Properties": {
        "DashboardBody": {
          "Fn::Join": [
            "",
            [
              "{"periodOverride":"auto","widgets":[{"type":"metric","width":24,"height":4,"x":0,"y":0,"properties":{"view":"singleValue","title":"APIGW Request Count","region":"",
              {
                "Ref": "AWS::Region",
              },
              "","metrics":[["AWS/ApiGateway","Count","ApiName","",
              {
                "Fn::ImportValue": "ApiName",
              },
              "","Stage","",
              {
                "Fn::ImportValue": "StageName",
              },
              "",{"stat":"Sum"}]],"setPeriodToTimeRange":true}},{"type":"metric","width":12,"height":4,"x":0,"y":4,"properties":{"view":"singleValue","title":"APIGW 4XX Error Count","region":"",
              {
                "Ref": "AWS::Region",
              },
              "","metrics":[["AWS/ApiGateway","4XXError","ApiName","",
              {
                "Fn::ImportValue": "ApiName",
              },
              "","Stage","",
              {
                "Fn::ImportValue": "StageName",
              },
              "",{"stat":"Sum"}]],"setPeriodToTimeRange":true}},{"type":"metric","width":12,"height":4,"x":12,"y":4,"properties":{"view":"singleValue","title":"APIGW 5XX Error Count","region":"",
              {
                "Ref": "AWS::Region",
              },
              "","metrics":[["AWS/ApiGateway","5XXError","ApiName","",
              {
                "Fn::ImportValue": "ApiName",
              },
              "","Stage","",
              {
                "Fn::ImportValue": "StageName",
              },
              "",{"stat":"Sum"}]],"setPeriodToTimeRange":true}},{"type":"metric","width":12,"height":4,"x":0,"y":8,"properties":{"view":"singleValue","title":"APIGW 4XX Error Rate","region":"",
              {
                "Ref": "AWS::Region",
              },
              "","metrics":[[{"label":"4XXエラー発生率(%)","expression":"e1/e2*100"}],["AWS/ApiGateway","4XXError","ApiName","",
              {
                "Fn::ImportValue": "ApiName",
              },
              "","Stage","",
              {
                "Fn::ImportValue": "StageName",
              },
              "",{"stat":"Sum","visible":false,"id":"e1"}],["AWS/ApiGateway","Count","ApiName","",
              {
                "Fn::ImportValue": "ApiName",
              },
              "","Stage","",
              {
                "Fn::ImportValue": "StageName",
              },
              "",{"stat":"Sum","visible":false,"id":"e2"}]],"setPeriodToTimeRange":true,"singleValueFullPrecision":true}},{"type":"metric","width":12,"height":4,"x":12,"y":8,"properties":{"view":"singleValue","title":"APIGW 5XX Error Rate","region":"",
              {
                "Ref": "AWS::Region",
              },
              "","metrics":[[{"label":"5XXエラー発生率(%)","expression":"e1/e2*100"}],["AWS/ApiGateway","5XXError","ApiName","",
              {
                "Fn::ImportValue": "ApiName",
              },
              "","Stage","",
              {
                "Fn::ImportValue": "StageName",
              },
              "",{"stat":"Sum","visible":false,"id":"e1"}],["AWS/ApiGateway","Count","ApiName","",
              {
                "Fn::ImportValue": "ApiName",
              },
              "","Stage","",
              {
                "Fn::ImportValue": "StageName",
              },
              "",{"stat":"Sum","visible":false,"id":"e2"}]],"setPeriodToTimeRange":true,"singleValueFullPrecision":true}},{"type":"metric","width":24,"height":6,"x":0,"y":12,"properties":{"view":"timeSeries","title":"APIGW 4XX Error","region":"",
              {
                "Ref": "AWS::Region",
              },
              "","metrics":[["AWS/ApiGateway","4XXError","ApiName","",
              {
                "Fn::ImportValue": "ApiName",
              },
              "","Stage","",
              {
                "Fn::ImportValue": "StageName",
              },
              "",{"stat":"Sum"}]],"yAxis":{}}},{"type":"metric","width":24,"height":6,"x":0,"y":18,"properties":{"view":"timeSeries","title":"APIGW 5XX Error","region":"",
              {
                "Ref": "AWS::Region",
              },
              "","metrics":[["AWS/ApiGateway","5XXError","ApiName","",
              {
                "Fn::ImportValue": "ApiName",
              },
              "","Stage","",
              {
                "Fn::ImportValue": "StageName",
              },
              "",{"stat":"Sum"}]],"yAxis":{}}}]}",
            ],
          ],
        },
        "DashboardName": "APIDashBoard",
      },
      "Type": "AWS::CloudWatch::Dashboard",
    },
  },
  "Rules": {
    "CheckBootstrapVersion": {
      "Assertions": [
        {
          "Assert": {
            "Fn::Not": [
              {
                "Fn::Contains": [
                  [
                    "1",
                    "2",
                    "3",
                    "4",
                    "5",
                  ],
                  {
                    "Ref": "BootstrapVersion",
                  },
                ],
              },
            ],
          },
          "AssertDescription": "CDK bootstrap stack version 6 required. Please run 'cdk bootstrap' with a recent version of the CDK CLI.",
        },
      ],
    },
  },
}
`;
